// Jest Snapshot v1, https://goo.gl/fbAQLP

exports[`renders awards section 1`] = `
<div
  className="StyledBox-sc-13pk1d4-0 kFdcfG"
>
  <h3
    className="StyledHeading-sc-1rdh4aw-0 jVEgcZ"
  >
    Award
  </h3>
  <h4
    className="StyledHeading-sc-1rdh4aw-0 hlZfma"
  >
    Company
  </h4>
  <span
    className="StyledText-sc-1sadyjn-0 dndifk"
    size="medium"
  >
    Nov 2014
  </span>
  <p
    className="StyledParagraph-tbetod-0 jzEULC"
  >
    There is no spoon.
  </p>
</div>
`;
