// Jest Snapshot v1, https://goo.gl/fbAQLP

exports[`renders basics section contact info 1`] = `
<div
  className="StyledBox-sc-13pk1d4-0 gwiFdX"
>
  <span
    className="StyledText-sc-1sadyjn-0 fWSbXS"
  >
     
    (912) 555-4321
     
  </span>
  <span
    className="StyledText-sc-1sadyjn-0 fWSbXS"
  >
     
    john@gmail.com
     
  </span>
  <span
    className="StyledText-sc-1sadyjn-0 fWSbXS"
  >
     
    http://johndoe.com
     
  </span>
  <div
    className="StyledBox-sc-13pk1d4-0 ffeAql"
  >
    <button
      className="StyledButton-sc-323bzc-0 bvFIDd"
      onBlur={[Function]}
      onFocus={[Function]}
      type="button"
    >
      Twitter
    </button>
  </div>
</div>
`;

exports[`renders basics section summary 1`] = `
<div
  className="StyledBox-sc-13pk1d4-0 dNgQiZ"
>
  <h1
    className="StyledHeading-sc-1rdh4aw-0 kMIJAQ"
    size="small"
  >
    John Doe
  </h1>
  <h2
    className="StyledHeading-sc-1rdh4aw-0 kUotfP"
    size="small"
  >
    Programmer
  </h2>
  <div
    className="StyledBox-sc-13pk1d4-0 IRSNj"
  >
    <p
      className="StyledParagraph-tbetod-0 kxFtnQ"
      size="medium"
    >
      A summary of John Doe...
    </p>
  </div>
</div>
`;
