// Jest Snapshot v1, https://goo.gl/fbAQLP

exports[`renders skills section 1`] = `
<div
  className="StyledBox-sc-13pk1d4-0 kFdcfG"
>
  <h3
    className="StyledHeading-sc-1rdh4aw-0 jVEgcZ"
  >
    Web Development
  </h3>
  <div
    className="StyledBox-sc-13pk1d4-0 IRSNj"
  >
    <h4
      className="StyledHeading-sc-1rdh4aw-0 hlZfma"
    >
      Level: Master
    </h4>
    <div
      className="StyledBox-sc-13pk1d4-0 IRSNj"
    >
      <span
        className="StyledText-sc-1sadyjn-0 dndifk"
        size="medium"
      >
        Keywords
      </span>
      <div
        className="StyledBox-sc-13pk1d4-0 dvQWRk"
      >
        <span
          className="StyledText-sc-1sadyjn-0 fWSbXS"
        >
          HTML
        </span>
        <span
          className="StyledText-sc-1sadyjn-0 fWSbXS"
        >
          CSS
        </span>
        <span
          className="StyledText-sc-1sadyjn-0 fWSbXS"
        >
          Javascript
        </span>
      </div>
    </div>
  </div>
</div>
`;
